
========================================
TIMESTAMP: 2026-06-17T07:09:46.839Z
FROM: info@digitax.pk
TO: khanjii4421@gmail.com
SUBJECT: Welcome to DIGITAX!
----------------------------------------
TEXT:
Hi Riaz hussain Muhammad khalil ahmad,

Thank you for signing up on DIGITAX. Your client portal account has been successfully created.

Best regards,
DIGITAX Team
----------------------------------------
HTML:
<h3>Hi Riaz hussain Muhammad khalil ahmad,</h3><p>Thank you for signing up on DIGITAX. Your client portal account has been successfully created.</p><p>Best regards,<br/>DIGITAX Team</p>
========================================


========================================
TIMESTAMP: 2026-06-17T10:33:41.362Z
FROM: info@digitax.pk
TO: client@gmail.com
SUBJECT: DIGITAX Login Confirmation
----------------------------------------
TEXT:
Hi  Muhammad khalil ahmad,

We detected a new login to your DIGITAX client portal account.

Best regards,
DIGITAX Team
----------------------------------------
HTML:
<h3>Hi  Muhammad khalil ahmad,</h3><p>We detected a new login to your DIGITAX client portal account.</p><p>Best regards,<br/>DIGITAX Team</p>
========================================


========================================
TIMESTAMP: 2026-06-17T10:37:14.999Z
FROM: info@digitax.pk
TO: client@gmail.com
SUBJECT: DIGITAX Login Confirmation
----------------------------------------
TEXT:
Hi  Muhammad khalil ahmad,

We detected a new login to your DIGITAX client portal account.

Best regards,
DIGITAX Team
----------------------------------------
HTML:
<h3>Hi  Muhammad khalil ahmad,</h3><p>We detected a new login to your DIGITAX client portal account.</p><p>Best regards,<br/>DIGITAX Team</p>
========================================


========================================
TIMESTAMP: 2026-06-17T10:39:27.202Z
FROM: info@digitax.pk
TO: client@gmail.com
SUBJECT: DIGITAX Login Confirmation
----------------------------------------
TEXT:
Hi  Muhammad khalil ahmad,

We detected a new login to your DIGITAX client portal account.

Best regards,
DIGITAX Team
----------------------------------------
HTML:
<h3>Hi  Muhammad khalil ahmad,</h3><p>We detected a new login to your DIGITAX client portal account.</p><p>Best regards,<br/>DIGITAX Team</p>
========================================


========================================
TIMESTAMP: 2026-06-17T12:34:50.570Z
FROM: info@digitax.pk
TO: client@gmail.com
SUBJECT: DIGITAX Login Confirmation
----------------------------------------
TEXT:
Hi  Muhammad khalil ahmad,

We detected a new login to your DIGITAX client portal account.

Best regards,
DIGITAX Team
----------------------------------------
HTML:
<h3>Hi  Muhammad khalil ahmad,</h3><p>We detected a new login to your DIGITAX client portal account.</p><p>Best regards,<br/>DIGITAX Team</p>
========================================


========================================
TIMESTAMP: 2026-06-17T12:35:45.411Z
FROM: info@digitax.pk
TO: info@digitax.pk
SUBJECT: New Lead Inquiry: Request for NTN Registration – Salaried
----------------------------------------
TEXT:
Name: Riaz hussain Muhammad khalil ahmad
Email: khanjiii4421@gmail.com
Subject: Request for NTN Registration – Salaried

Message:
I am interested in NTN Registration – Salaried. Please contact me.
----------------------------------------
HTML:
<h3>New Lead Inquiry</h3><p><strong>Name:</strong> Riaz hussain Muhammad khalil ahmad</p><p><strong>Email:</strong> khanjiii4421@gmail.com</p><p><strong>Subject:</strong> Request for NTN Registration – Salaried</p><p><strong>Message:</strong><br/>I am interested in NTN Registration – Salaried. Please contact me.</p>
========================================


========================================
TIMESTAMP: 2026-06-17T12:42:28.942Z
FROM: info@digitax.pk
TO: info@digitax.pk
SUBJECT: New Lead Inquiry: Request for NTN Registration – Salaried
----------------------------------------
TEXT:
Name: Riaz hussain Muhammad khalil ahmad
Email: khanjiii4421@gmail.com
Subject: Request for NTN Registration – Salaried

Message:
i am intrested for this service 

----------------------------------------
HTML:
<h3>New Lead Inquiry</h3><p><strong>Name:</strong> Riaz hussain Muhammad khalil ahmad</p><p><strong>Email:</strong> khanjiii4421@gmail.com</p><p><strong>Subject:</strong> Request for NTN Registration – Salaried</p><p><strong>Message:</strong><br/>i am intrested for this service <br/></p>
========================================


========================================
TIMESTAMP: 2026-06-17T13:07:14.669Z
FROM: info@digitax.pk
TO: client@gmail.com
SUBJECT: DIGITAX - New Login Detected
----------------------------------------
TEXT:
Hi  Muhammad khalil ahmad,

We detected a new login to your DIGITAX client portal account.

If this was not you, please change your password immediately.

Best regards,
DIGITAX Team
----------------------------------------
HTML:
<h3>Hi  Muhammad khalil ahmad,</h3><p>We detected a new login to your DIGITAX client portal account.</p><p>If this was not you, please change your password immediately.</p><p>Best regards,<br/>DIGITAX Team</p>
========================================


========================================
TIMESTAMP: 2026-06-17T13:09:45.564Z
FROM: info@digitax.pk
TO: client@gmail.com
SUBJECT: DIGITAX - New Login Detected
----------------------------------------
TEXT:
Hi  Muhammad khalil ahmad,

We detected a new login to your DIGITAX client portal account.

If this was not you, please change your password immediately.

Best regards,
DIGITAX Team
----------------------------------------
HTML:
<h3>Hi  Muhammad khalil ahmad,</h3><p>We detected a new login to your DIGITAX client portal account.</p><p>If this was not you, please change your password immediately.</p><p>Best regards,<br/>DIGITAX Team</p>
========================================


========================================
TIMESTAMP: 2026-06-18T05:33:51.040Z
FROM: info@digitax.pk
TO: client@gmail.com
SUBJECT: DIGITAX - New Login Detected
----------------------------------------
TEXT:
Hi  Muhammad khalil ahmad,

We detected a new login to your DIGITAX client portal account.

If this was not you, please change your password immediately.

Best regards,
DIGITAX Team
----------------------------------------
HTML:
<h3>Hi  Muhammad khalil ahmad,</h3><p>We detected a new login to your DIGITAX client portal account.</p><p>If this was not you, please change your password immediately.</p><p>Best regards,<br/>DIGITAX Team</p>
========================================


========================================
TIMESTAMP: 2026-06-18T05:42:49.764Z
FROM: info@digitax.pk
TO: client@gmail.com
SUBJECT: DIGITAX - New Login Detected
----------------------------------------
TEXT:
Hi  Muhammad khalil ahmad,

We detected a new login to your DIGITAX client portal account.

If this was not you, please change your password immediately.

Best regards,
DIGITAX Team
----------------------------------------
HTML:
<h3>Hi  Muhammad khalil ahmad,</h3><p>We detected a new login to your DIGITAX client portal account.</p><p>If this was not you, please change your password immediately.</p><p>Best regards,<br/>DIGITAX Team</p>
========================================


========================================
TIMESTAMP: 2026-06-18T05:50:07.089Z
FROM: info@digitax.pk
TO: client@gmail.com
SUBJECT: DIGITAX - New Login Detected
----------------------------------------
TEXT:
Hi  Muhammad khalil ahmad,

We detected a new login to your DIGITAX client portal account.

If this was not you, please change your password immediately.

Best regards,
DIGITAX Team
----------------------------------------
HTML:
<h3>Hi  Muhammad khalil ahmad,</h3><p>We detected a new login to your DIGITAX client portal account.</p><p>If this was not you, please change your password immediately.</p><p>Best regards,<br/>DIGITAX Team</p>
========================================


========================================
TIMESTAMP: 2026-06-18T13:17:47.271Z
FROM: info@digitax.pk
TO: muhammadkhalilahmad73@gmail.com
SUBJECT: Welcome to DIGITAX!
----------------------------------------
TEXT:
Hi Atif Wattu,

Thank you for signing up on DIGITAX. Your client portal account has been successfully created.

Best regards,
DIGITAX Team
----------------------------------------
HTML:
<h3>Hi Atif Wattu,</h3><p>Thank you for signing up on DIGITAX. Your client portal account has been successfully created.</p><p>You can now access your portal to manage your tax filings, registrations, and more.</p><p>Best regards,<br/>DIGITAX Team</p>
========================================

